<html>
<body>
<pre>
<h1>µVision Build Log</h1>
<h2>Tool Versions:</h2>
IDE-Version: ¦ÌVision V5.28.0.0
Copyright (C) 2019 ARM Ltd and ARM Germany GmbH. All rights reserved.
License Information: saa 3263760852@qq.com, sa, LIC=IK1BF-6TASJ-KP9ZY-I5TYL-TW5ZX-9U2UU
 
Tool Versions:
Toolchain:       MDK-ARM Plus  Version: 5.28.0.0
Toolchain Path:  D:\Program Files (x86)\mdk5\ARM\ARMCC\Bin
C Compiler:      Armcc.exe V5.06 update 6 (build 750)
Assembler:       Armasm.exe V5.06 update 6 (build 750)
Linker/Locator:  ArmLink.exe V5.06 update 6 (build 750)
Library Manager: ArmAr.exe V5.06 update 6 (build 750)
Hex Converter:   FromElf.exe V5.06 update 6 (build 750)
CPU DLL:         SARMCM3.DLL V5.28.0.0
Dialog DLL:      DCM.DLL V1.17.3.0
Target DLL:      CMSIS_AGDI.dll V1.31.18.0
Dialog DLL:      TCM.DLL V1.36.2.0
 
<h2>Project:</h2>
C:\Users\32637\OneDrive\2022\3_CAN_BMS\2-software\Code\Project\Main\CH32F10x.uvprojx
Project File Date:  12/05/2022

<h2>Output:</h2>
*** Using Compiler 'V5.06 update 6 (build 750)', folder: 'D:\Program Files (x86)\mdk5\ARM\ARMCC\Bin'
Build target 'CH32F10x'
assembling startup_ch32f10x.s...
compiling Main.c...
compiling oled.c...
compiling core_cm3.c...
compiling BSP_adc.c...
compiling debug.c...
compiling BSP_can.c...
compiling ch32f10x_adc.c...
compiling BSP_gpio.c...
compiling BSP_global_define.c...
compiling BSP_timer.c...
compiling ch32f10x_bkp.c...
compiling system_ch32f10x.c...
compiling BSP_flash.c...
compiling BSP_control.c...
compiling ch32f10x_can.c...
compiling ch32f10x_crc.c...
compiling ch32f10x_dbgmcu.c...
compiling ch32f10x_dac.c...
compiling ch32f10x_exti.c...
compiling ch32f10x_dma.c...
compiling ch32f10x_flash.c...
compiling ch32f10x_gpio.c...
compiling ch32f10x_iwdg.c...
compiling ch32f10x_i2c.c...
compiling ch32f10x_misc.c...
compiling ch32f10x_pwr.c...
compiling ch32f10x_rcc.c...
compiling ch32f10x_rtc.c...
compiling ch32f10x_spi.c...
compiling ch32f10x_usart.c...
compiling ch32f10x_wwdg.c...
compiling ch32f10x_tim.c...
linking...
Program Size: Code=19714 RO-data=8154 RW-data=80 ZI-data=2712  
FromELF: creating hex file...
".\obj\CH32F10x.axf" - 0 Error(s), 0 Warning(s).

<h2>Software Packages used:</h2>

Package Vendor: Keil
                http://www.wch.cn/Keil.WCH32F1xx_DFP.1.0.1.pack
                Keil.WCH32F1xx_DFP.1.0.1
                WCH CH32F1 Series Device Support, Drivers and Examples

<h2>Collection of Component include folders:</h2>
  .\RTE\_CH32F10x
  D:\Program Files (x86)\mdk5\Keil\WCH32F1xx_DFP\1.0.1\Device\Include

<h2>Collection of Component Files used:</h2>
Build Time Elapsed:  00:00:02
</pre>
</body>
</html>
